error: `Umm` held across a yield point, but should not be
  --> $DIR/ref.rs:18:26
   |
LL |         let guard = &mut self.u;
   |                          ^^^^^^
...
LL |         other().await;
   |         ------------- the value is held across this yield point
   |
note: the lint level is defined here
  --> $DIR/ref.rs:3:9
   |
LL | #![deny(must_not_suspend)]
   |         ^^^^^^^^^^^^^^^^
note: You gotta use Umm's, ya know?
  --> $DIR/ref.rs:18:26
   |
LL |         let guard = &mut self.u;
   |                          ^^^^^^
help: `drop` this value before the yield point, or use a block (`{ ... }`) to shrink its scope
  --> $DIR/ref.rs:18:26
   |
LL |         let guard = &mut self.u;
   |                          ^^^^^^

error: `Umm` held across a yield point, but should not be
  --> $DIR/ref.rs:18:26
   |
LL |         let guard = &mut self.u;
   |                          ^^^^^^
...
LL |         other().await;
   |         ------------- the value is held across this yield point
   |
note: You gotta use Umm's, ya know?
  --> $DIR/ref.rs:18:26
   |
LL |         let guard = &mut self.u;
   |                          ^^^^^^
help: `drop` this value before the yield point, or use a block (`{ ... }`) to shrink its scope
  --> $DIR/ref.rs:18:26
   |
LL |         let guard = &mut self.u;
   |                          ^^^^^^

error: aborting due to 2 previous errors

