error[E0309]: the parameter type `T` may not live long enough
  --> $DIR/wf-outlives-ty-in-fn-or-trait.rs:9:16
   |
LL |     type Out = &'a fn(T);
   |                ^^^^^^^^^
   |
   = help: consider adding an explicit lifetime bound `T: 'a`...
   = note: ...so that the reference type `&'a fn(T)` does not outlive the data it points at

error[E0309]: the parameter type `T` may not live long enough
  --> $DIR/wf-outlives-ty-in-fn-or-trait.rs:19:16
   |
LL |     type Out = &'a dyn Baz<T>;
   |                ^^^^^^^^^^^^^^
   |
   = help: consider adding an explicit lifetime bound `T: 'a`...
   = note: ...so that the reference type `&'a (dyn Baz<T> + 'a)` does not outlive the data it points at

error: aborting due to 2 previous errors

For more information about this error, try `rustc --explain E0309`.
