---
created: "2019-02-18T09:10:52.066746177Z"
creator: insta@0.6.2
source: crates/ra_ide_api/src/completion/completion_item.rs
expression: kind_completions
---
[
    CompletionItem {
        label: "T",
        source_range: [101; 101),
        text_edit: TextEdit {
            atoms: [
                AtomTextEdit {
                    delete: [101; 101),
                    insert: "T"
                }
            ]
        },
        kind: TypeAlias,
        detail: "type T = i32;",
        documentation: Documentation(
            "An associated type"
        )
    }
]
