---
created: "2019-01-22T14:45:00.552379600+00:00"
creator: insta@0.4.0
expression: kind_completions
source: "crates\\ra_ide_api\\src\\completion\\completion_item.rs"
---
[]
