error[E0433]: failed to resolve: use of undeclared type `IntoIter`
  --> $DIR/issue-82956.rs:25:24
   |
LL |         let mut iter = IntoIter::new(self);
   |                        ^^^^^^^^ use of undeclared type `IntoIter`
   |
help: consider importing one of these items
   |
LL + use std::array::IntoIter;
LL | pub struct ConstCheck<const CHECK: bool>;
   |
LL + use std::collections::binary_heap::IntoIter;
LL | pub struct ConstCheck<const CHECK: bool>;
   |
LL + use std::collections::btree_map::IntoIter;
LL | pub struct ConstCheck<const CHECK: bool>;
   |
LL + use std::collections::btree_set::IntoIter;
LL | pub struct ConstCheck<const CHECK: bool>;
   |
     and 8 other candidates

error: aborting due to previous error

For more information about this error, try `rustc --explain E0433`.
