Dropable("y") Dropable("x")
Dropping y
Dropping x
