error[E0271]: type mismatch resolving `<() as Bar>::Foo == ()`
  --> $DIR/issue-63355.rs:34:20
   |
LL | pub type BarImpl = impl Bar<Foo = FooImpl>;
   |                    ^^^^^^^^^^^^^^^^^^^^^^^ type mismatch resolving `<() as Bar>::Foo == ()`
   |
note: expected `()`, found opaque type
  --> $DIR/issue-63355.rs:24:16
   |
LL |     type Foo = FooImpl;
   |                ^^^^^^^
   = note: expected type `()`
              found type `impl Foo`

error: aborting due to previous error

For more information about this error, try `rustc --explain E0271`.
