error[E0277]: `impl Trait<Opaque(DefId(0:4 ~ nested[14f6]::Foo::{opaque#0}), [])>` doesn't implement `Debug`
  --> $DIR/nested.rs:15:22
   |
LL |     println!("{:?}", bar());
   |                      ^^^^^ `impl Trait<Opaque(DefId(0:4 ~ nested[14f6]::Foo::{opaque#0}), [])>` cannot be formatted using `{:?}` because it doesn't implement `Debug`
   |
   = help: the trait `Debug` is not implemented for `impl Trait<Opaque(DefId(0:4 ~ nested[14f6]::Foo::{opaque#0}), [])>`
   = note: this error originates in the macro `$crate::format_args_nl` (in Nightly builds, run with -Z macro-backtrace for more info)

error: aborting due to previous error

For more information about this error, try `rustc --explain E0277`.
