error: passing `TyCtxt<'tcx>` by reference
  --> $DIR/rustc_pass_by_value_self.rs:18:15
   |
LL |     fn by_ref(&self) {}
   |               ^^^^^ help: try passing by value: `TyCtxt<'tcx>`
   |
note: the lint level is defined here
  --> $DIR/rustc_pass_by_value_self.rs:8:9
   |
LL | #![deny(rustc::pass_by_value)]
   |         ^^^^^^^^^^^^^^^^^^^^

error: passing `Ty<'tcx>` by reference
  --> $DIR/rustc_pass_by_value_self.rs:30:21
   |
LL |     fn by_ref(self: &Ty<'tcx>) {}
   |                     ^^^^^^^^^ help: try passing by value: `Ty<'tcx>`

error: aborting due to 2 previous errors

